// Jest Snapshot v1, https://goo.gl/fbAQLP

exports[`<Posts /> should match snapshot 1`] = `
<div
  class="posts"
>
  <div
    class="post"
  >
    <img
      alt="Title Mock 1"
      src="img/img1.png"
    />
    <div
      class="post-content"
    >
      <h2>
        Title Mock 1
      </h2>
      <p>
        Body Mock 1
      </p>
    </div>
  </div>
  <div
    class="post"
  >
    <img
      alt="Title Mock 2"
      src="img/img2.png"
    />
    <div
      class="post-content"
    >
      <h2>
        Title Mock 2
      </h2>
      <p>
        Body Mock 2
      </p>
    </div>
  </div>
  <div
    class="post"
  >
    <img
      alt="Title Mock 3"
      src="img/img3.png"
    />
    <div
      class="post-content"
    >
      <h2>
        Title Mock 3
      </h2>
      <p>
        Body Mock 3
      </p>
    </div>
  </div>
</div>
`;
