// Jest Snapshot v1, https://goo.gl/fbAQLP

exports[`<PostCard /> should match snapshot 1`] = `
<div
  class="post"
>
  <img
    alt="title mock"
    src="img/img.png"
  />
  <div
    class="post-content"
  >
    <h2>
      title mock
    </h2>
    <p>
      body mock
    </p>
  </div>
</div>
`;
